Archive member included to satisfy reference by file (symbol)

d:/iti/iti_arm/ecclipse_arm/imt_sdk_win_64/winarm/armgcc/bin/../lib/gcc/arm-none-eabi/7.2.1/thumb/v7e-m\libgcc.a(_arm_addsubsf3.o)
                              ./src/MCAL/UART/UART_Program.o (__aeabi_fsub)
d:/iti/iti_arm/ecclipse_arm/imt_sdk_win_64/winarm/armgcc/bin/../lib/gcc/arm-none-eabi/7.2.1/thumb/v7e-m\libgcc.a(_arm_muldivsf3.o)
                              ./src/MCAL/UART/UART_Program.o (__aeabi_fmul)
d:/iti/iti_arm/ecclipse_arm/imt_sdk_win_64/winarm/armgcc/bin/../lib/gcc/arm-none-eabi/7.2.1/thumb/v7e-m\libgcc.a(_arm_fixunssfsi.o)
                              ./src/MCAL/UART/UART_Program.o (__aeabi_f2uiz)
d:/iti/iti_arm/ecclipse_arm/imt_sdk_win_64/winarm/armgcc/bin/../lib/gcc/arm-none-eabi/7.2.1/../../../../arm-none-eabi/lib/thumb/v7e-m\libg_nano.a(lib_a-errno.o)
                              ./system/src/newlib/_sbrk.o (__errno)
d:/iti/iti_arm/ecclipse_arm/imt_sdk_win_64/winarm/armgcc/bin/../lib/gcc/arm-none-eabi/7.2.1/../../../../arm-none-eabi/lib/thumb/v7e-m\libg_nano.a(lib_a-impure.o)
                              d:/iti/iti_arm/ecclipse_arm/imt_sdk_win_64/winarm/armgcc/bin/../lib/gcc/arm-none-eabi/7.2.1/../../../../arm-none-eabi/lib/thumb/v7e-m\libg_nano.a(lib_a-errno.o) (_impure_ptr)
d:/iti/iti_arm/ecclipse_arm/imt_sdk_win_64/winarm/armgcc/bin/../lib/gcc/arm-none-eabi/7.2.1/../../../../arm-none-eabi/lib/thumb/v7e-m\libg_nano.a(lib_a-strlen.o)
                              ./system/src/diag/Trace.o (strlen)
d:/iti/iti_arm/ecclipse_arm/imt_sdk_win_64/winarm/armgcc/bin/../lib/gcc/arm-none-eabi/7.2.1/../../../../arm-none-eabi/lib/thumb/v7e-m\libg_nano.a(lib_a-vsnprintf.o)
                              ./system/src/diag/Trace.o (vsnprintf)
d:/iti/iti_arm/ecclipse_arm/imt_sdk_win_64/winarm/armgcc/bin/../lib/gcc/arm-none-eabi/7.2.1/../../../../arm-none-eabi/lib/thumb/v7e-m\libg_nano.a(lib_a-nano-svfprintf.o)
                              d:/iti/iti_arm/ecclipse_arm/imt_sdk_win_64/winarm/armgcc/bin/../lib/gcc/arm-none-eabi/7.2.1/../../../../arm-none-eabi/lib/thumb/v7e-m\libg_nano.a(lib_a-vsnprintf.o) (_svfprintf_r)
d:/iti/iti_arm/ecclipse_arm/imt_sdk_win_64/winarm/armgcc/bin/../lib/gcc/arm-none-eabi/7.2.1/../../../../arm-none-eabi/lib/thumb/v7e-m\libg_nano.a(lib_a-nano-vfprintf_i.o)
                              d:/iti/iti_arm/ecclipse_arm/imt_sdk_win_64/winarm/armgcc/bin/../lib/gcc/arm-none-eabi/7.2.1/../../../../arm-none-eabi/lib/thumb/v7e-m\libg_nano.a(lib_a-nano-svfprintf.o) (_printf_i)
d:/iti/iti_arm/ecclipse_arm/imt_sdk_win_64/winarm/armgcc/bin/../lib/gcc/arm-none-eabi/7.2.1/../../../../arm-none-eabi/lib/thumb/v7e-m\libg_nano.a(lib_a-memchr.o)
                              d:/iti/iti_arm/ecclipse_arm/imt_sdk_win_64/winarm/armgcc/bin/../lib/gcc/arm-none-eabi/7.2.1/../../../../arm-none-eabi/lib/thumb/v7e-m\libg_nano.a(lib_a-nano-svfprintf.o) (memchr)
d:/iti/iti_arm/ecclipse_arm/imt_sdk_win_64/winarm/armgcc/bin/../lib/gcc/arm-none-eabi/7.2.1/../../../../arm-none-eabi/lib/thumb/v7e-m\libg_nano.a(lib_a-memcpy-stub.o)
                              d:/iti/iti_arm/ecclipse_arm/imt_sdk_win_64/winarm/armgcc/bin/../lib/gcc/arm-none-eabi/7.2.1/../../../../arm-none-eabi/lib/thumb/v7e-m\libg_nano.a(lib_a-nano-svfprintf.o) (memcpy)
d:/iti/iti_arm/ecclipse_arm/imt_sdk_win_64/winarm/armgcc/bin/../lib/gcc/arm-none-eabi/7.2.1/../../../../arm-none-eabi/lib/thumb/v7e-m\libg_nano.a(lib_a-memmove.o)
                              d:/iti/iti_arm/ecclipse_arm/imt_sdk_win_64/winarm/armgcc/bin/../lib/gcc/arm-none-eabi/7.2.1/../../../../arm-none-eabi/lib/thumb/v7e-m\libg_nano.a(lib_a-nano-svfprintf.o) (memmove)
d:/iti/iti_arm/ecclipse_arm/imt_sdk_win_64/winarm/armgcc/bin/../lib/gcc/arm-none-eabi/7.2.1/../../../../arm-none-eabi/lib/thumb/v7e-m\libg_nano.a(lib_a-nano-freer.o)
                              d:/iti/iti_arm/ecclipse_arm/imt_sdk_win_64/winarm/armgcc/bin/../lib/gcc/arm-none-eabi/7.2.1/../../../../arm-none-eabi/lib/thumb/v7e-m\libg_nano.a(lib_a-nano-svfprintf.o) (_free_r)
d:/iti/iti_arm/ecclipse_arm/imt_sdk_win_64/winarm/armgcc/bin/../lib/gcc/arm-none-eabi/7.2.1/../../../../arm-none-eabi/lib/thumb/v7e-m\libg_nano.a(lib_a-nano-mallocr.o)
                              d:/iti/iti_arm/ecclipse_arm/imt_sdk_win_64/winarm/armgcc/bin/../lib/gcc/arm-none-eabi/7.2.1/../../../../arm-none-eabi/lib/thumb/v7e-m\libg_nano.a(lib_a-nano-svfprintf.o) (_malloc_r)
d:/iti/iti_arm/ecclipse_arm/imt_sdk_win_64/winarm/armgcc/bin/../lib/gcc/arm-none-eabi/7.2.1/../../../../arm-none-eabi/lib/thumb/v7e-m\libg_nano.a(lib_a-nano-reallocr.o)
                              d:/iti/iti_arm/ecclipse_arm/imt_sdk_win_64/winarm/armgcc/bin/../lib/gcc/arm-none-eabi/7.2.1/../../../../arm-none-eabi/lib/thumb/v7e-m\libg_nano.a(lib_a-nano-svfprintf.o) (_realloc_r)
d:/iti/iti_arm/ecclipse_arm/imt_sdk_win_64/winarm/armgcc/bin/../lib/gcc/arm-none-eabi/7.2.1/../../../../arm-none-eabi/lib/thumb/v7e-m\libg_nano.a(lib_a-sbrkr.o)
[...]
Memory Configuration

Name             Origin             Length             Attributes
RAM              0x20000000         0x00010000         xrw
CCMRAM           0x10000000         0x00000000         xrw
FLASH            0x08000000         0x00040000         xr
FLASHB1          0x00000000         0x00000000         xr
EXTMEMB0         0x00000000         0x00000000         xr
EXTMEMB1         0x00000000         0x00000000         xr
EXTMEMB2         0x00000000         0x00000000         xr
EXTMEMB3         0x00000000         0x00000000         xr
*default*        0x00000000         0xffffffff

Linker script and memory map

LOAD ./system/src/stm32f4-hal/stm32f4xx_hal.o
LOAD ./system/src/stm32f4-hal/stm32f4xx_hal_cortex.o
LOAD ./system/src/stm32f4-hal/stm32f4xx_hal_dfsdm.o
LOAD ./system/src/stm32f4-hal/stm32f4xx_hal_flash.o
LOAD ./system/src/stm32f4-hal/stm32f4xx_hal_gpio.o
LOAD ./system/src/stm32f4-hal/stm32f4xx_hal_iwdg.o
LOAD ./system/src/stm32f4-hal/stm32f4xx_hal_pwr.o
LOAD ./system/src/stm32f4-hal/stm32f4xx_hal_rcc.o
LOAD ./system/src/newlib/_cxx.o
LOAD ./system/src/newlib/_exit.o
LOAD ./system/src/newlib/_sbrk.o
LOAD ./system/src/newlib/_startup.o
LOAD ./system/src/newlib/_syscalls.o
LOAD ./system/src/newlib/assert.o
LOAD ./system/src/diag/Trace.o
LOAD ./system/src/diag/trace_impl.o
LOAD ./system/src/cortexm/_initialize_hardware.o
LOAD ./system/src/cortexm/_reset_hardware.o
LOAD ./system/src/cortexm/exception_handlers.o
LOAD ./system/src/cmsis/system_stm32f4xx.o
LOAD ./system/src/cmsis/vectors_stm32f401xc.o
LOAD ./src/Service/RTOS/RTOS_Program.o
LOAD ./src/MCAL/UART/UART_Program.o
LOAD ./src/MCAL/SYSTICK/SYSTICK_Program.o
LOAD ./src/MCAL/SPI/SPI_Program.o
LOAD ./src/MCAL/RCC/RCC_Program.o
LOAD ./src/MCAL/NVIC/NVIC_Program.o
LOAD ./src/MCAL/GPIO/GPIO_Program.o
LOAD ./src/MCAL/EXTI/EXTI_Program.o
LOAD ./src/HAL/TFT/TFT_Program.o
LOAD ./src/HAL/STP/STP_Program.o
LOAD ./src/HAL/SSD/SSD_Program.o
LOAD ./src/HAL/IR/IR_Program.o
LOAD ./src/HAL/DotMatrix/DotMatrix_Program.o
LOAD ./src/_initialize_hardware.o
LOAD ./src/_write.o
LOAD ./src/main.o
LOAD ./src/stm32f4xx_hal_msp.o
LOAD d:/iti/iti_arm/ecclipse_arm/imt_sdk_win_64/winarm/armgcc/bin/../lib/gcc/arm-none-eabi/7.2.1/../../../../arm-none-eabi/lib/thumb/v7e-m\libstdc++_nano.a
LOAD d:/iti/iti_arm/ecclipse_arm/imt_sdk_win_64/winarm/armgcc/bin/../lib/gcc/arm-none-eabi/7.2.1/../../../../arm-none-eabi/lib/thumb/v7e-m\libm.a
START GROUP
LOAD d:/iti/iti_arm/ecclipse_arm/imt_sdk_win_64/winarm/armgcc/bin/../lib/gcc/arm-none-eabi/7.2.1/thumb/v7e-m\libgcc.a
LOAD d:/iti/iti_arm/ecclipse_arm/imt_sdk_win_64/winarm/armgcc/bin/../lib/gcc/arm-none-eabi/7.2.1/../../../../arm-none-eabi/lib/thumb/v7e-m\libg_nano.a
LOAD d:/iti/iti_arm/ecclipse_arm/imt_sdk_win_64/winarm/armgcc/bin/../lib/gcc/arm-none-eabi/7.2.1/../../../../arm-none-eabi/lib/thumb/v7e-m\libc_nano.a
END GROUP
START GROUP
LOAD d:/iti/iti_arm/ecclipse_arm/imt_sdk_win_64/winarm/armgcc/bin/../lib/gcc/arm-none-eabi/7.2.1/thumb/v7e-m\libgcc.a
LOAD d:/iti/iti_arm/ecclipse_arm/imt_sdk_win_64/winarm/armgcc/bin/../lib/gcc/arm-none-eabi/7.2.1/../../../../arm-none-eabi/lib/thumb/v7e-m\libc_nano.a
END GROUP
                0x20010000                __stack = (ORIGIN (RAM) + LENGTH (RAM))
                0x20010000                _estack = __stack
                0x00000400                __Main_Stack_Size = 0x400
                [!provide]                PROVIDE (_Main_Stack_Size, __Main_Stack_Size)
                0x2000fc00                __Main_Stack_Limit = (__stack - __Main_Stack_Size)
                [!provide]                PROVIDE (_Main_Stack_Limit, __Main_Stack_Limit)
                0x00000100                _Minimum_Stack_Size = 0x100
                0x2000015c                PROVIDE (_Heap_Begin, _end_noinit)
                0x2000fc00                PROVIDE (_Heap_Limit, (__stack - __Main_Stack_Size))

.isr_vector     0x08000000      0x3f4
 FILL mask 0xff
                0x08000000                __vectors_start = ABSOLUTE (.)
                0x08000000                __vectors_start__ = ABSOLUTE (.)
 *(.isr_vector)
 .isr_vector    0x08000000      0x194 ./system/src/cmsis/vectors_stm32f401xc.o
                0x08000000                __isr_vectors
 *(.cfmconfig)
 *(.after_vectors .after_vectors.*)
 .after_vectors
                0x08000194      0x130 ./system/src/newlib/_startup.o
                0x08000194                _start
 .after_vectors
                0x080002c4      0x12c ./system/src/cortexm/exception_handlers.o
                0x080002c4                Reset_Handler
                0x080002ca                NMI_Handler
                0x080002ce                HardFault_Handler
                0x080002e2                HardFault_Handler_C
                0x08000340                MemManage_Handler
                0x08000344                BusFault_Handler
                0x08000358                BusFault_Handler_C
                0x0800038c                UsageFault_Handler
                0x080003a0                UsageFault_Handler_C
                0x080003d4                SVC_Handler
                0x080003d8                DebugMon_Handler
                0x080003dc                PendSV_Handler
 .after_vectors
                0x080003f0        0x4 ./system/src/cmsis/vectors_stm32f401xc.o
                0x080003f0                RTC_Alarm_IRQHandler
                0x080003f0                SPI4_IRQHandler
                0x080003f0                TIM1_CC_IRQHandler
                0x080003f0                DMA2_Stream5_IRQHandler
                0x080003f0                DMA1_Stream5_IRQHandler
                0x080003f0                PVD_IRQHandler
                0x080003f0                SDIO_IRQHandler
                0x080003f0                TAMP_STAMP_IRQHandler
                0x080003f0                TIM1_UP_TIM10_IRQHandler
                0x080003f0                I2C3_ER_IRQHandler
                0x080003f0                I2C2_EV_IRQHandler
                0x080003f0                DMA1_Stream2_IRQHandler
                0x080003f0                FPU_IRQHandler
                0x080003f0                DMA2_Stream2_IRQHandler
                0x080003f0                SPI1_IRQHandler
                0x080003f0                TIM1_BRK_TIM9_IRQHandler
                0x080003f0                DMA2_Stream3_IRQHandler
                0x080003f0                USART6_IRQHandler
                0x080003f0                DMA2_Stream0_IRQHandler
                0x080003f0                TIM4_IRQHandler
                0x080003f0                I2C1_EV_IRQHandler
                0x080003f0                DMA1_Stream6_IRQHandler
                0x080003f0                DMA1_Stream1_IRQHandler
                0x080003f0                TIM3_IRQHandler
                0x080003f0                RCC_IRQHandler
                0x080003f0                Default_Handler
                0x080003f0                ADC_IRQHandler
                0x080003f0                DMA1_Stream7_IRQHandler
                0x080003f0                TIM5_IRQHandler
                0x080003f0                DMA2_Stream7_IRQHandler
                0x080003f0                I2C3_EV_IRQHandler
                0x080003f0                RTC_WKUP_IRQHandler
                0x080003f0                SPI2_IRQHandler
                0x080003f0                DMA1_Stream0_IRQHandler
                0x080003f0                WWDG_IRQHandler
                0x080003f0                TIM2_IRQHandler
                0x080003f0                OTG_FS_WKUP_IRQHandler
                0x080003f0                TIM1_TRG_COM_TIM11_IRQHandler
                0x080003f0                USART2_IRQHandler
                0x080003f0                I2C2_ER_IRQHandler
                0x080003f0                DMA2_Stream1_IRQHandler
                0x080003f0                FLASH_IRQHandler
                0x080003f0                DMA2_Stream4_IRQHandler
                0x080003f0                USART1_IRQHandler
                0x080003f0                OTG_FS_IRQHandler
                0x080003f0                SPI3_IRQHandler
                0x080003f0                DMA1_Stream4_IRQHandler
                0x080003f0                I2C1_ER_IRQHandler
                0x080003f0                DMA2_Stream6_IRQHandler
                0x080003f0                DMA1_Stream3_IRQHandler

.inits          0x080003f4       0x28
                0x080003f4                __data_regions_array_start = .
                0x080003f4        0x4 LONG 0x800b744 LOADADDR (.data)
                0x080003f8        0x4 LONG 0x20000000 ADDR (.data)
                0x080003fc        0x4 LONG 0x20000074 (ADDR (.data) + SIZEOF (.data))
                0x08000400        0x4 LONG 0x800b744 LOADADDR (.data_CCMRAM)
                0x08000404        0x4 LONG 0x10000000 ADDR (.data_CCMRAM)
                0x08000408        0x4 LONG 0x10000000 (ADDR (.data_CCMRAM) + SIZEOF (.data_CCMRAM))
                0x0800040c                __data_regions_array_end = .
                0x0800040c                __bss_regions_array_start = .
                0x0800040c        0x4 LONG 0x20000074 ADDR (.bss)
                0x08000410        0x4 LONG 0x2000015c (ADDR (.bss) + SIZEOF (.bss))
                0x08000414        0x4 LONG 0x10000000 ADDR (.bss_CCMRAM)
                0x08000418        0x4 LONG 0x10000000 (ADDR (.bss_CCMRAM) + SIZEOF (.bss_CCMRAM))
                0x0800041c                __bss_regions_array_end = .
 *(.init)
 *(.fini)
                0x0800041c                . = ALIGN (0x4)
                0x0800041c                PROVIDE (__preinit_array_start, .)
 *(.preinit_array_sysinit .preinit_array_sysinit.*)
 *(.preinit_array_platform .preinit_array_platform.*)
 *(.preinit_array .preinit_array.*)
                0x0800041c                PROVIDE (__preinit_array_end, .)
                0x0800041c                . = ALIGN (0x4)
                0x0800041c                PROVIDE (__init_array_start, .)
 *(SORT_BY_NAME(.init_array.*))
 *(.init_array)
                0x0800041c                PROVIDE (__init_array_end, .)
                0x0800041c                . = ALIGN (0x4)
                0x0800041c                PROVIDE (__fini_array_start, .)
 *(SORT_BY_NAME(.fini_array.*))
 *(.fini_array)
                0x0800041c                PROVIDE (__fini_array_end, .)

.flashtext
 *(.flashtext .flashtext.*)

.text           0x08000420     0xb323
 *(.text .text.*)
 .text._exit    0x08000420        0x2 ./system/src/newlib/_exit.o
                0x08000420                _exit
 *fill*         0x08000422        0x2 
 .text._sbrk    0x08000424       0x44 ./system/src/newlib/_sbrk.o
                0x08000424                _sbrk
 .text.__initialize_args
                0x08000468       0x10 ./system/src/newlib/_syscalls.o
                0x08000468                __initialize_args
 .text.trace_printf
                0x08000478       0x30 ./system/src/diag/Trace.o
                0x08000478                trace_printf
 .text._trace_write_semihosting_debug
                0x080004a8       0x60 ./system/src/diag/trace_impl.o
 .text.trace_write
                0x08000508        0x8 ./system/src/diag/trace_impl.o
                0x08000508                trace_write
 .text.__initialize_hardware_early
                0x08000510       0x18 ./system/src/cortexm/_initialize_hardware.o
                0x08000510                __initialize_hardware_early
 .text.dumpExceptionStack
                0x08000528       0xf4 ./system/src/cortexm/exception_handlers.o
                0x08000528                dumpExceptionStack
 .text.isSemihosting
                0x0800061c       0x20 ./system/src/cortexm/exception_handlers.o
                0x0800061c                isSemihosting
 .text.SystemInit
                0x0800063c       0x40 ./system/src/cmsis/system_stm32f4xx.o
                0x0800063c                SystemInit
 .text.SYSTICK_voidInit
                0x0800067c       0x28 ./src/MCAL/SYSTICK/SYSTICK_Program.o
                0x0800067c                SYSTICK_voidInit
 .text.SYSTICK_voidStartTimer
                0x080006a4       0x10 ./src/MCAL/SYSTICK/SYSTICK_Program.o
                0x080006a4                SYSTICK_voidStartTimer
 .text.SYSTICK_voidStopTimer
                0x080006b4       0x10 ./src/MCAL/SYSTICK/SYSTICK_Program.o
                0x080006b4                SYSTICK_voidStopTimer
 .text.SYSTICK_voidDelayMs
                0x080006c4       0x28 ./src/MCAL/SYSTICK/SYSTICK_Program.o
                0x080006c4                SYSTICK_voidDelayMs
 .text.SysTick_Handler
                0x080006ec       0x30 ./src/MCAL/SYSTICK/SYSTICK_Program.o
                0x080006ec                SysTick_Handler
 .text.SPI_voidMasterInit
                0x0800071c       0x5c ./src/MCAL/SPI/SPI_Program.o
                0x0800071c                SPI_voidMasterInit
 .text.SPI_voidSendReceiveData
                0x08000778       0x28 ./src/MCAL/SPI/SPI_Program.o
                0x08000778                SPI_voidSendReceiveData
 .text.RCC_voidInit
                0x080007a0       0x40 ./src/MCAL/RCC/RCC_Program.o
                0x080007a0                RCC_voidInit
 .text.RCC_voidEnablePeripheralClock
                0x080007e0       0x5c ./src/MCAL/RCC/RCC_Program.o
                0x080007e0                RCC_voidEnablePeripheralClock
 .text.GPIO_voidSetPinMode
                0x0800083c      0x1a0 ./src/MCAL/GPIO/GPIO_Program.o
                0x0800083c                GPIO_voidSetPinMode
 .text.GPIO_voidSetPinValue
                0x080009dc       0x78 ./src/MCAL/GPIO/GPIO_Program.o
                0x080009dc                GPIO_voidSetPinValue
 .text.EXTI0_IRQHandler
                0x08000a54       0x20 ./src/MCAL/EXTI/EXTI_Program.o
                0x08000a54                EXTI0_IRQHandler
 .text.EXTI1_IRQHandler
                0x08000a74       0x20 ./src/MCAL/EXTI/EXTI_Program.o
                0x08000a74                EXTI1_IRQHandler
 .text.EXTI2_IRQHandler
                0x08000a94       0x20 ./src/MCAL/EXTI/EXTI_Program.o
                0x08000a94                EXTI2_IRQHandler
 .text.EXTI3_IRQHandler
                0x08000ab4       0x20 ./src/MCAL/EXTI/EXTI_Program.o
                0x08000ab4                EXTI3_IRQHandler
 .text.EXTI4_IRQHandler
                0x08000ad4       0x20 ./src/MCAL/EXTI/EXTI_Program.o
                0x08000ad4                EXTI4_IRQHandler
 .text.EXTI9_5_IRQHandler
                0x08000af4       0x40 ./src/MCAL/EXTI/EXTI_Program.o
                0x08000af4                EXTI9_5_IRQHandler
 .text.EXTI15_10_IRQHandler
                0x08000b34       0x40 ./src/MCAL/EXTI/EXTI_Program.o
                0x08000b34                EXTI15_10_IRQHandler
 .text.TFT_SendData
                0x08000b74       0x16 ./src/HAL/TFT/TFT_Program.o
 .text.TFT_SendCommand
                0x08000b8a       0x16 ./src/HAL/TFT/TFT_Program.o
 .text.TFT_voidInit
                0x08000ba0       0x7c ./src/HAL/TFT/TFT_Program.o
                0x08000ba0                TFT_voidInit
 .text.TFT_voidDisplayImage
                0x08000c1c       0x68 ./src/HAL/TFT/TFT_Program.o
                0x08000c1c                TFT_voidDisplayImage
 .text.__initialize_hardware
                0x08000c84        0x2 ./src/_initialize_hardware.o
                0x08000c84                __initialize_hardware
 *fill*         0x08000c86        0x2 
 .text.main     0x08000c88       0x58 ./src/main.o
                0x08000c88                main
 .text.__errno  0x08000ce0        0xc d:/iti/iti_arm/ecclipse_arm/imt_sdk_win_64/winarm/armgcc/bin/../lib/gcc/arm-none-eabi/7.2.1/../../../../arm-none-eabi/lib/thumb/v7e-m\libg_nano.a(lib_a-errno.o)
                0x08000ce0                __errno
 .text._vsnprintf_r
                0x08000cec       0x58 d:/iti/iti_arm/ecclipse_arm/imt_sdk_win_64/winarm/armgcc/bin/../lib/gcc/arm-none-eabi/7.2.1/../../../../arm-none-eabi/lib/thumb/v7e-m\libg_nano.a(lib_a-vsnprintf.o)
                0x08000cec                _vsniprintf_r
                0x08000cec                _vsnprintf_r
 .text.vsnprintf
                0x08000d44       0x1c d:/iti/iti_arm/ecclipse_arm/imt_sdk_win_64/winarm/armgcc/bin/../lib/gcc/arm-none-eabi/7.2.1/../../../../arm-none-eabi/lib/thumb/v7e-m\libg_nano.a(lib_a-vsnprintf.o)
                0x08000d44                vsniprintf
                0x08000d44                vsnprintf
 .text.__ssputs_r
                0x08000d60       0xb4 d:/iti/iti_arm/ecclipse_arm/imt_sdk_win_64/winarm/armgcc/bin/../lib/gcc/arm-none-eabi/7.2.1/../../../../arm-none-eabi/lib/thumb/v7e-m\libg_nano.a(lib_a-nano-svfprintf.o)
                0x08000d60                __ssputs_r
 .text._svfprintf_r
                0x08000e14      0x1ec d:/iti/iti_arm/ecclipse_arm/imt_sdk_win_64/winarm/armgcc/bin/../lib/gcc/arm-none-eabi/7.2.1/../../../../arm-none-eabi/lib/thumb/v7e-m\libg_nano.a(lib_a-nano-svfprintf.o)
                0x08000e14                _svfiprintf_r
                0x08000e14                _svfprintf_r
 .text._printf_common
                0x08001000       0xea d:/iti/iti_arm/ecclipse_arm/imt_sdk_win_64/winarm/armgcc/bin/../lib/gcc/arm-none-eabi/7.2.1/../../../../arm-none-eabi/lib/thumb/v7e-m\libg_nano.a(lib_a-nano-vfprintf_i.o)
                0x08001000                _printf_common
 *fill*         0x080010ea        0x2 
 .text._printf_i
                0x080010ec      0x224 d:/iti/iti_arm/ecclipse_arm/imt_sdk_win_64/winarm/armgcc/bin/../lib/gcc/arm-none-eabi/7.2.1/../../../../arm-none-eabi/lib/thumb/v7e-m\libg_nano.a(lib_a-nano-vfprintf_i.o)
                0x080010ec                _printf_i
 .text          0x08001310       0xa0 d:/iti/iti_arm/ecclipse_arm/imt_sdk_win_64/winarm/armgcc/bin/../lib/gcc/arm-none-eabi/7.2.1/../../../../arm-none-eabi/lib/thumb/v7e-m\libg_nano.a(lib_a-memchr.o)
                0x08001310                memchr
 .text.memcpy   0x080013b0       0x16 d:/iti/iti_arm/ecclipse_arm/imt_sdk_win_64/winarm/armgcc/bin/../lib/gcc/arm-none-eabi/7.2.1/../../../../arm-none-eabi/lib/thumb/v7e-m\libg_nano.a(lib_a-memcpy-stub.o)
                0x080013b0                memcpy
 .text.memmove  0x080013c6       0x32 d:/iti/iti_arm/ecclipse_arm/imt_sdk_win_64/winarm/armgcc/bin/../lib/gcc/arm-none-eabi/7.2.1/../../../../arm-none-eabi/lib/thumb/v7e-m\libg_nano.a(lib_a-memmove.o)
                0x080013c6                memmove
 .text._free_r  0x080013f8       0x9c d:/iti/iti_arm/ecclipse_arm/imt_sdk_win_64/winarm/armgcc/bin/../lib/gcc/arm-none-eabi/7.2.1/../../../../arm-none-eabi/lib/thumb/v7e-m\libg_nano.a(lib_a-nano-freer.o)
                0x080013f8                _free_r
 .text._malloc_r
                0x08001494       0xb4 d:/iti/iti_arm/ecclipse_arm/imt_sdk_win_64/winarm/armgcc/bin/../lib/gcc/arm-none-eabi/7.2.1/../../../../arm-none-eabi/lib/thumb/v7e-m\libg_nano.a(lib_a-nano-mallocr.o)
                0x08001494                _malloc_r
 .text._realloc_r
                0x08001548       0x4c d:/iti/iti_arm/ecclipse_arm/imt_sdk_win_64/winarm/armgcc/bin/../lib/gcc/arm-none-eabi/7.2.1/../../../../arm-none-eabi/lib/thumb/v7e-m\libg_nano.a(lib_a-nano-reallocr.o)
                0x08001548                _realloc_r
 .text._sbrk_r  0x08001594       0x20 d:/iti/iti_arm/ecclipse_arm/imt_sdk_win_64/winarm/armgcc/bin/../lib/gcc/arm-none-eabi/7.2.1/../../../../arm-none-eabi/lib/thumb/v7e-m\libg_nano.a(lib_a-sbrkr.o)
                0x08001594                _sbrk_r
 .text.__malloc_lock
                0x080015b4        0x2 d:/iti/iti_arm/ecclipse_arm/imt_sdk_win_64/winarm/armgcc/bin/../lib/gcc/arm-none-eabi/7.2.1/../../../../arm-none-eabi/lib/thumb/v7e-m\libg_nano.a(lib_a-mlock.o)
                0x080015b4                __malloc_lock
 .text.__malloc_unlock
                0x080015b6        0x2 d:/iti/iti_arm/ecclipse_arm/imt_sdk_win_64/winarm/armgcc/bin/../lib/gcc/arm-none-eabi/7.2.1/../../../../arm-none-eabi/lib/thumb/v7e-m\libg_nano.a(lib_a-mlock.o)
                0x080015b6                __malloc_unlock
 .text._malloc_usable_size_r
                0x080015b8       0x10 d:/iti/iti_arm/ecclipse_arm/imt_sdk_win_64/winarm/armgcc/bin/../lib/gcc/arm-none-eabi/7.2.1/../../../../arm-none-eabi/lib/thumb/v7e-m\libg_nano.a(lib_a-nano-msizer.o)
                0x080015b8                _malloc_usable_size_r
 *(.rodata .rodata.* .constdata .constdata.*)
 .rodata.dumpExceptionStack.str1.4
                0x080015c8      0x11a ./system/src/cortexm/exception_handlers.o
 *fill*         0x080016e2        0x2 
 .rodata.str1.4
                0x080016e4       0x2c ./system/src/cortexm/exception_handlers.o
                                 0x2a (size before relaxing)
 .rodata.image  0x08001710     0xa000 ./src/main.o
                0x08001710                image
 .rodata._svfprintf_r.str1.1
                0x0800b710       0x11 d:/iti/iti_arm/ecclipse_arm/imt_sdk_win_64/winarm/armgcc/bin/../lib/gcc/arm-none-eabi/7.2.1/../../../../arm-none-eabi/lib/thumb/v7e-m\libg_nano.a(lib_a-nano-svfprintf.o)
 .rodata._printf_i.str1.1
                0x0800b721       0x22 d:/iti/iti_arm/ecclipse_arm/imt_sdk_win_64/winarm/armgcc/bin/../lib/gcc/arm-none-eabi/7.2.1/../../../../arm-none-eabi/lib/thumb/v7e-m\libg_nano.a(lib_a-nano-vfprintf_i.o)
 *(vtable)
 *(.eh_frame*)
 *(.glue_7)
 .glue_7        0x0800b743        0x0 linker stubs
 *(.glue_7t)
 .glue_7t       0x0800b743        0x0 linker stubs

.vfp11_veneer   0x0800b744        0x0
 .vfp11_veneer  0x0800b744        0x0 linker stubs

.v4_bx          0x0800b744        0x0
 .v4_bx         0x0800b744        0x0 linker stubs

.iplt           0x0800b744        0x0
 .iplt          0x0800b744        0x0 ./system/src/newlib/_exit.o

.rel.dyn        0x0800b744        0x0
 .rel.iplt      0x0800b744        0x0 ./system/src/newlib/_exit.o

.ARM.extab
 *(.ARM.extab* .gnu.linkonce.armextab.*)
                0x0800b744                . = ALIGN (0x4)
                0x0800b744                __exidx_start = .

.ARM.exidx
 *(.ARM.exidx* .gnu.linkonce.armexidx.*)
                0x0800b744                __exidx_end = .
                0x0800b744                . = ALIGN (0x4)
                0x0800b744                _etext = .
                0x0800b744                __etext = .

.data_CCMRAM    0x10000000        0x0 load address 0x0800b744
 FILL mask 0xff
 *(.data.CCMRAM .data.CCMRAM.*)
                0x10000000                . = ALIGN (0x4)
                0x0800b744                _sidata = LOADADDR (.data)

.data           0x20000000       0x74 load address 0x0800b744
 FILL mask 0xff
                0x20000000                _sdata = .
                0x20000000                __data_start__ = .
 *(.data_begin .data_begin.*)
 .data_begin    0x20000000        0x4 ./system/src/newlib/_startup.o
 *(.data .data.*)
 .data.argv.4310
                0x20000004        0x8 ./system/src/newlib/_syscalls.o
 .data._impure_ptr
                0x2000000c        0x4 d:/iti/iti_arm/ecclipse_arm/imt_sdk_win_64/winarm/armgcc/bin/../lib/gcc/arm-none-eabi/7.2.1/../../../../arm-none-eabi/lib/thumb/v7e-m\libg_nano.a(lib_a-impure.o)
                0x2000000c                _impure_ptr
 .data.impure_data
                0x20000010       0x60 d:/iti/iti_arm/ecclipse_arm/imt_sdk_win_64/winarm/armgcc/bin/../lib/gcc/arm-none-eabi/7.2.1/../../../../arm-none-eabi/lib/thumb/v7e-m\libg_nano.a(lib_a-impure.o)
 *(.data_end .data_end.*)
 .data_end      0x20000070        0x4 ./system/src/newlib/_startup.o
                0x20000074                . = ALIGN (0x4)
                0x20000074                _edata = .
                0x20000074                __data_end__ = .

.igot.plt       0x20000074        0x0 load address 0x0800b7b8
 .igot.plt      0x20000074        0x0 ./system/src/newlib/_exit.o

.bss_CCMRAM     0x10000000        0x0
 *(.bss.CCMRAM .bss.CCMRAM.*)

.bss            0x20000074       0xe8
                0x20000074                __bss_start__ = .
                0x20000074                _sbss = .
 *(.bss_begin .bss_begin.*)
 .bss_begin     0x20000074        0x4 ./system/src/newlib/_startup.o
 *(.bss .bss.*)
 .bss.current_heap_end.3961
                0x20000078        0x4 ./system/src/newlib/_sbrk.o
 .bss.name.4309
                0x2000007c        0x1 ./system/src/newlib/_syscalls.o
 *fill*         0x2000007d        0x3 
 .bss.buf.5205  0x20000080       0x80 ./system/src/diag/Trace.o
 .bss.GS_SYSTICK_Callback
                0x20000100        0x4 ./src/MCAL/SYSTICK/SYSTICK_Program.o
 .bss.G_u8SingleFlag
                0x20000104        0x1 ./src/MCAL/SYSTICK/SYSTICK_Program.o
 *fill*         0x20000105        0x3 
 .bss.PF_Notification
                0x20000108       0x40 ./src/MCAL/EXTI/EXTI_Program.o
 .bss.__malloc_free_list
                0x20000148        0x4 d:/iti/iti_arm/ecclipse_arm/imt_sdk_win_64/winarm/armgcc/bin/../lib/gcc/arm-none-eabi/7.2.1/../../../../arm-none-eabi/lib/thumb/v7e-m\libg_nano.a(lib_a-nano-mallocr.o)
                0x20000148                __malloc_free_list
 .bss.__malloc_sbrk_start
                0x2000014c        0x4 d:/iti/iti_arm/ecclipse_arm/imt_sdk_win_64/winarm/armgcc/bin/../lib/gcc/arm-none-eabi/7.2.1/../../../../arm-none-eabi/lib/thumb/v7e-m\libg_nano.a(lib_a-nano-mallocr.o)
                0x2000014c                __malloc_sbrk_start
 *(COMMON)
 COMMON         0x20000150        0x4 ./system/src/newlib/_syscalls.o
                0x20000150                errno
 COMMON         0x20000154        0x4 ./src/MCAL/SYSTICK/SYSTICK_Program.o
                0x20000154                SYSTICK_Speed
 *(.bss_end .bss_end.*)
 .bss_end       0x20000158        0x4 ./system/src/newlib/_startup.o
                0x2000015c                . = ALIGN (0x4)
                0x2000015c                __bss_end__ = .
                0x2000015c                _ebss = .

.noinit_CCMRAM
 *(.noinit.CCMRAM .noinit.CCMRAM.*)

.noinit         0x2000015c        0x0
                0x2000015c                _noinit = .
 *(.noinit .noinit.*)
                0x2000015c                . = ALIGN (0x4)
                0x2000015c                _end_noinit = .
                [!provide]                PROVIDE (end, _end_noinit)
                [!provide]                PROVIDE (_end, _end_noinit)
                [!provide]                PROVIDE (__end, _end_noinit)
                [!provide]                PROVIDE (__end__, _end_noinit)

._check_stack   0x2000015c      0x100
                0x2000025c                . = (. + _Minimum_Stack_Size)
 *fill*         0x2000015c      0x100 

.b1text
 *(.b1text)
 *(.b1rodata)
 *(.b1rodata.*)

.eb0text
 *(.eb0text)
 *(.eb0rodata)
 *(.eb0rodata.*)

.eb1text
 *(.eb1text)
 *(.eb1rodata)
 *(.eb1rodata.*)

.eb2text
 *(.eb2text)
 *(.eb2rodata)
 *(.eb2rodata.*)

.eb3text
 *(.eb3text)
 *(.eb3rodata)
 *(.eb3rodata.*)

.stab
 *(.stab)

.stabstr
 *(.stabstr)

.stab.excl
 *(.stab.excl)

.stab.exclstr
 *(.stab.exclstr)

.stab.index
 *(.stab.index)

.stab.indexstr
 *(.stab.indexstr)

.comment        0x00000000       0x7e
 *(.comment)
 .comment       0x00000000       0x7e ./system/src/newlib/_exit.o
                                 0x7f (size before relaxing)
 .comment       0x0000007e       0x7f ./system/src/newlib/_sbrk.o
 .comment       0x0000007e       0x7f ./system/src/newlib/_startup.o
 .comment       0x0000007e       0x7f ./system/src/newlib/_syscalls.o
 .comment       0x0000007e       0x7f ./system/src/diag/Trace.o
 .comment       0x0000007e       0x7f ./system/src/diag/trace_impl.o
 .comment       0x0000007e       0x7f ./system/src/cortexm/_initialize_hardware.o
 .comment       0x0000007e       0x7f ./system/src/cortexm/exception_handlers.o
 .comment       0x0000007e       0x7f ./system/src/cmsis/system_stm32f4xx.o
 .comment       0x0000007e       0x7f ./system/src/cmsis/vectors_stm32f401xc.o
 .comment       0x0000007e       0x7f ./src/MCAL/SYSTICK/SYSTICK_Program.o
 .comment       0x0000007e       0x7f ./src/MCAL/SPI/SPI_Program.o
 .comment       0x0000007e       0x7f ./src/MCAL/RCC/RCC_Program.o
 .comment       0x0000007e       0x7f ./src/MCAL/GPIO/GPIO_Program.o
 .comment       0x0000007e       0x7f ./src/MCAL/EXTI/EXTI_Program.o
 .comment       0x0000007e       0x7f ./src/HAL/TFT/TFT_Program.o
 .comment       0x0000007e       0x7f ./src/_initialize_hardware.o
 .comment       0x0000007e       0x7f ./src/main.o

.ARM.attributes
                0x00000000       0x31
 .ARM.attributes
                0x00000000       0x33 ./system/src/newlib/_exit.o
 .ARM.attributes
                0x00000033       0x33 ./system/src/newlib/_sbrk.o
 .ARM.attributes
                0x00000066       0x33 ./system/src/newlib/_startup.o
 .ARM.attributes
                0x00000099       0x33 ./system/src/newlib/_syscalls.o
 .ARM.attributes
                0x000000cc       0x33 ./system/src/diag/Trace.o
 .ARM.attributes
                0x000000ff       0x33 ./system/src/diag/trace_impl.o
 .ARM.attributes
                0x00000132       0x33 ./system/src/cortexm/_initialize_hardware.o
 .ARM.attributes
                0x00000165       0x33 ./system/src/cortexm/exception_handlers.o
 .ARM.attributes
                0x00000198       0x33 ./system/src/cmsis/system_stm32f4xx.o
 .ARM.attributes
                0x000001cb       0x33 ./system/src/cmsis/vectors_stm32f401xc.o
 .ARM.attributes
                0x000001fe       0x33 ./src/MCAL/SYSTICK/SYSTICK_Program.o
 .ARM.attributes
                0x00000231       0x33 ./src/MCAL/SPI/SPI_Program.o
 .ARM.attributes
                0x00000264       0x33 ./src/MCAL/RCC/RCC_Program.o
 .ARM.attributes
                0x00000297       0x33 ./src/MCAL/GPIO/GPIO_Program.o
 .ARM.attributes
                0x000002ca       0x33 ./src/MCAL/EXTI/EXTI_Program.o
 .ARM.attributes
                0x000002fd       0x33 ./src/HAL/TFT/TFT_Program.o
 .ARM.attributes
                0x00000330       0x33 ./src/_initialize_hardware.o
 .ARM.attributes
                0x00000363       0x33 ./src/main.o
 .ARM.attributes
                0x00000396       0x2e d:/iti/iti_arm/ecclipse_arm/imt_sdk_win_64/winarm/armgcc/bin/../lib/gcc/arm-none-eabi/7.2.1/../../../../arm-none-eabi/lib/thumb/v7e-m\libg_nano.a(lib_a-errno.o)
 .ARM.attributes
                0x000003c4       0x2e d:/iti/iti_arm/ecclipse_arm/imt_sdk_win_64/winarm/armgcc/bin/../lib/gcc/arm-none-eabi/7.2.1/../../../../arm-none-eabi/lib/thumb/v7e-m\libg_nano.a(lib_a-impure.o)
 .ARM.attributes
                0x000003f2       0x2e d:/iti/iti_arm/ecclipse_arm/imt_sdk_win_64/winarm/armgcc/bin/../lib/gcc/arm-none-eabi/7.2.1/../../../../arm-none-eabi/lib/thumb/v7e-m\libg_nano.a(lib_a-vsnprintf.o)
 .ARM.attributes
                0x00000420       0x2e d:/iti/iti_arm/ecclipse_arm/imt_sdk_win_64/winarm/armgcc/bin/../lib/gcc/arm-none-eabi/7.2.1/../../../../arm-none-eabi/lib/thumb/v7e-m\libg_nano.a(lib_a-nano-svfprintf.o)
 .ARM.attributes
                0x0000044e       0x2e d:/iti/iti_arm/ecclipse_arm/imt_sdk_win_64/winarm/armgcc/bin/../lib/gcc/arm-none-eabi/7.2.1/../../../../arm-none-eabi/lib/thumb/v7e-m\libg_nano.a(lib_a-nano-vfprintf_i.o)
 .ARM.attributes
                0x0000047c       0x1c d:/iti/iti_arm/ecclipse_arm/imt_sdk_win_64/winarm/armgcc/bin/../lib/gcc/arm-none-eabi/7.2.1/../../../../arm-none-eabi/lib/thumb/v7e-m\libg_nano.a(lib_a-memchr.o)
 .ARM.attributes
                0x00000498       0x2e d:/iti/iti_arm/ecclipse_arm/imt_sdk_win_64/winarm/armgcc/bin/../lib/gcc/arm-none-eabi/7.2.1/../../../../arm-none-eabi/lib/thumb/v7e-m\libg_nano.a(lib_a-memcpy-stub.o)
 .ARM.attributes
                0x000004c6       0x2e d:/iti/iti_arm/ecclipse_arm/imt_sdk_win_64/winarm/armgcc/bin/../lib/gcc/arm-none-eabi/7.2.1/../../../../arm-none-eabi/lib/thumb/v7e-m\libg_nano.a(lib_a-memmove.o)
 .ARM.attributes
                0x000004f4       0x2e d:/iti/iti_arm/ecclipse_arm/imt_sdk_win_64/winarm/armgcc/bin/../lib/gcc/arm-none-eabi/7.2.1/../../../../arm-none-eabi/lib/thumb/v7e-m\libg_nano.a(lib_a-nano-freer.o)
 .ARM.attributes
                0x00000522       0x2e d:/iti/iti_arm/ecclipse_arm/imt_sdk_win_64/winarm/armgcc/bin/../lib/gcc/arm-none-eabi/7.2.1/../../../../arm-none-eabi/lib/thumb/v7e-m\libg_nano.a(lib_a-nano-mallocr.o)
 .ARM.attributes
                0x00000550       0x2e d:/iti/iti_arm/ecclipse_arm/imt_sdk_win_64/winarm/armgcc/bin/../lib/gcc/arm-none-eabi/7.2.1/../../../../arm-none-eabi/lib/thumb/v7e-m\libg_nano.a(lib_a-nano-reallocr.o)
 .ARM.attributes
                0x0000057e       0x2e d:/iti/iti_arm/ecclipse_arm/imt_sdk_win_64/winarm/armgcc/bin/../lib/gcc/arm-none-eabi/7.2.1/../../../../arm-none-eabi/lib/thumb/v7e-m\libg_nano.a(lib_a-sbrkr.o)
 .ARM.attributes
                0x000005ac       0x2e d:/iti/iti_arm/ecclipse_arm/imt_sdk_win_64/winarm/armgcc/bin/../lib/gcc/arm-none-eabi/7.2.1/../../../../arm-none-eabi/lib/thumb/v7e-m\libg_nano.a(lib_a-mlock.o)
 .ARM.attributes
                0x000005da       0x2e d:/iti/iti_arm/ecclipse_arm/imt_sdk_win_64/winarm/armgcc/bin/../lib/gcc/arm-none-eabi/7.2.1/../../../../arm-none-eabi/lib/thumb/v7e-m\libg_nano.a(lib_a-nano-msizer.o)

.debug
 *(.debug)

.line
 *(.line)

.debug_srcinfo
 *(.debug_srcinfo)

.debug_sfnames
 *(.debug_sfnames)

.debug_aranges  0x00000000      0x420
 *(.debug_aranges)
 .debug_aranges
                0x00000000       0x28 ./system/src/newlib/_exit.o
 .debug_aranges
                0x00000028       0x20 ./system/src/newlib/_sbrk.o
 .debug_aranges
                0x00000048       0x40 ./system/src/newlib/_startup.o
 .debug_aranges
                0x00000088       0x30 ./system/src/newlib/_syscalls.o
 .debug_aranges
                0x000000b8       0x38 ./system/src/diag/Trace.o
 .debug_aranges
                0x000000f0       0x30 ./system/src/diag/trace_impl.o
 .debug_aranges
                0x00000120       0x28 ./system/src/cortexm/_initialize_hardware.o
 .debug_aranges
                0x00000148       0x90 ./system/src/cortexm/exception_handlers.o
 .debug_aranges
                0x000001d8       0x28 ./system/src/cmsis/system_stm32f4xx.o
 .debug_aranges
                0x00000200       0x20 ./system/src/cmsis/vectors_stm32f401xc.o
 .debug_aranges
                0x00000220       0x60 ./src/MCAL/SYSTICK/SYSTICK_Program.o
 .debug_aranges
                0x00000280       0x30 ./src/MCAL/SPI/SPI_Program.o
 .debug_aranges
                0x000002b0       0x38 ./src/MCAL/RCC/RCC_Program.o
 .debug_aranges
                0x000002e8       0x50 ./src/MCAL/GPIO/GPIO_Program.o
 .debug_aranges
                0x00000338       0x68 ./src/MCAL/EXTI/EXTI_Program.o
 .debug_aranges
                0x000003a0       0x38 ./src/HAL/TFT/TFT_Program.o
 .debug_aranges
                0x000003d8       0x28 ./src/_initialize_hardware.o
 .debug_aranges
                0x00000400       0x20 ./src/main.o

.debug_pubnames
 *(.debug_pubnames)

.debug_info     0x00000000     0x82d2
 *(.debug_info .gnu.linkonce.wi.*)
 .debug_info    0x00000000      0x956 ./system/src/newlib/_exit.o
 .debug_info    0x00000956      0x942 ./system/src/newlib/_sbrk.o
 .debug_info    0x00001298      0x4bf ./system/src/newlib/_startup.o
 .debug_info    0x00001757      0xa19 ./system/src/newlib/_syscalls.o
 .debug_info    0x00002170      0xb2a ./system/src/diag/Trace.o
 .debug_info    0x00002c9a      0xb6b ./system/src/diag/trace_impl.o
 .debug_info    0x00003805      0xade ./system/src/cortexm/_initialize_hardware.o
 .debug_info    0x000042e3     0x115a ./system/src/cortexm/exception_handlers.o
 .debug_info    0x0000543d      0xcfe ./system/src/cmsis/system_stm32f4xx.o
 .debug_info    0x0000613b       0xca ./system/src/cmsis/vectors_stm32f401xc.o
 .debug_info    0x00006205      0x213 ./src/MCAL/SYSTICK/SYSTICK_Program.o
 .debug_info    0x00006418      0x335 ./src/MCAL/SPI/SPI_Program.o
 .debug_info    0x0000674d      0x26d ./src/MCAL/RCC/RCC_Program.o
 .debug_info    0x000069ba      0x307 ./src/MCAL/GPIO/GPIO_Program.o
 .debug_info    0x00006cc1      0x2c2 ./src/MCAL/EXTI/EXTI_Program.o
 .debug_info    0x00006f83      0x3ee ./src/HAL/TFT/TFT_Program.o
 .debug_info    0x00007371      0xcfe ./src/_initialize_hardware.o
 .debug_info    0x0000806f      0x263 ./src/main.o

.debug_abbrev   0x00000000     0x1ec2
 *(.debug_abbrev)
 .debug_abbrev  0x00000000      0x1f3 ./system/src/newlib/_exit.o
 .debug_abbrev  0x000001f3      0x1fc ./system/src/newlib/_sbrk.o
 .debug_abbrev  0x000003ef      0x1cb ./system/src/newlib/_startup.o
 .debug_abbrev  0x000005ba      0x234 ./system/src/newlib/_syscalls.o
 .debug_abbrev  0x000007ee      0x276 ./system/src/diag/Trace.o
 .debug_abbrev  0x00000a64      0x2ef ./system/src/diag/trace_impl.o
 .debug_abbrev  0x00000d53      0x1de ./system/src/cortexm/_initialize_hardware.o
 .debug_abbrev  0x00000f31      0x32b ./system/src/cortexm/exception_handlers.o
 .debug_abbrev  0x0000125c      0x216 ./system/src/cmsis/system_stm32f4xx.o
 .debug_abbrev  0x00001472       0x9d ./system/src/cmsis/vectors_stm32f401xc.o
 .debug_abbrev  0x0000150f      0x134 ./src/MCAL/SYSTICK/SYSTICK_Program.o
 .debug_abbrev  0x00001643       0xf1 ./src/MCAL/SPI/SPI_Program.o
 .debug_abbrev  0x00001734       0xea ./src/MCAL/RCC/RCC_Program.o
 .debug_abbrev  0x0000181e      0x13b ./src/MCAL/GPIO/GPIO_Program.o
 .debug_abbrev  0x00001959      0x153 ./src/MCAL/EXTI/EXTI_Program.o
 .debug_abbrev  0x00001aac       0xf2 ./src/HAL/TFT/TFT_Program.o
 .debug_abbrev  0x00001b9e      0x234 ./src/_initialize_hardware.o
 .debug_abbrev  0x00001dd2       0xf0 ./src/main.o

.debug_line     0x00000000     0x53da
 *(.debug_line)
 .debug_line    0x00000000      0x35b ./system/src/newlib/_exit.o
 .debug_line    0x0000035b      0x30f ./system/src/newlib/_sbrk.o
 .debug_line    0x0000066a      0x3d7 ./system/src/newlib/_startup.o
 .debug_line    0x00000a41      0x428 ./system/src/newlib/_syscalls.o
 .debug_line    0x00000e69      0x3d7 ./system/src/diag/Trace.o
 .debug_line    0x00001240      0xacb ./system/src/diag/trace_impl.o
 .debug_line    0x00001d0b      0xa34 ./system/src/cortexm/_initialize_hardware.o
 .debug_line    0x0000273f      0xb82 ./system/src/cortexm/exception_handlers.o
 .debug_line    0x000032c1      0xa3a ./system/src/cmsis/system_stm32f4xx.o
 .debug_line    0x00003cfb      0x105 ./system/src/cmsis/vectors_stm32f401xc.o
 .debug_line    0x00003e00      0x176 ./src/MCAL/SYSTICK/SYSTICK_Program.o
 .debug_line    0x00003f76      0x12f ./src/MCAL/SPI/SPI_Program.o
 .debug_line    0x000040a5      0x118 ./src/MCAL/RCC/RCC_Program.o
 .debug_line    0x000041bd      0x207 ./src/MCAL/GPIO/GPIO_Program.o
 .debug_line    0x000043c4      0x1c3 ./src/MCAL/EXTI/EXTI_Program.o
 .debug_line    0x00004587      0x1d4 ./src/HAL/TFT/TFT_Program.o
 .debug_line    0x0000475b      0xa2a ./src/_initialize_hardware.o
 .debug_line    0x00005185      0x255 ./src/main.o

.debug_frame    0x00000000      0xab8
 *(.debug_frame)
 .debug_frame   0x00000000       0x38 ./system/src/newlib/_exit.o
 .debug_frame   0x00000038       0x28 ./system/src/newlib/_sbrk.o
 .debug_frame   0x00000060       0x7c ./system/src/newlib/_startup.o
 .debug_frame   0x000000dc       0x50 ./system/src/newlib/_syscalls.o
 .debug_frame   0x0000012c       0x94 ./system/src/diag/Trace.o
 .debug_frame   0x000001c0       0x64 ./system/src/diag/trace_impl.o
 .debug_frame   0x00000224       0x40 ./system/src/cortexm/_initialize_hardware.o
 .debug_frame   0x00000264      0x158 ./system/src/cortexm/exception_handlers.o
 .debug_frame   0x000003bc       0x30 ./system/src/cmsis/system_stm32f4xx.o
 .debug_frame   0x000003ec       0x20 ./system/src/cmsis/vectors_stm32f401xc.o
 .debug_frame   0x0000040c       0xb0 ./src/MCAL/SYSTICK/SYSTICK_Program.o
 .debug_frame   0x000004bc       0x58 ./src/MCAL/SPI/SPI_Program.o
 .debug_frame   0x00000514       0x50 ./src/MCAL/RCC/RCC_Program.o
 .debug_frame   0x00000564       0xa4 ./src/MCAL/GPIO/GPIO_Program.o
 .debug_frame   0x00000608      0x108 ./src/MCAL/EXTI/EXTI_Program.o
 .debug_frame   0x00000710       0x74 ./src/HAL/TFT/TFT_Program.o
 .debug_frame   0x00000784       0x44 ./src/_initialize_hardware.o
 .debug_frame   0x000007c8       0x28 ./src/main.o
 .debug_frame   0x000007f0       0x20 d:/iti/iti_arm/ecclipse_arm/imt_sdk_win_64/winarm/armgcc/bin/../lib/gcc/arm-none-eabi/7.2.1/../../../../arm-none-eabi/lib/thumb/v7e-m\libg_nano.a(lib_a-errno.o)
 .debug_frame   0x00000810       0x4c d:/iti/iti_arm/ecclipse_arm/imt_sdk_win_64/winarm/armgcc/bin/../lib/gcc/arm-none-eabi/7.2.1/../../../../arm-none-eabi/lib/thumb/v7e-m\libg_nano.a(lib_a-vsnprintf.o)
 .debug_frame   0x0000085c       0x90 d:/iti/iti_arm/ecclipse_arm/imt_sdk_win_64/winarm/armgcc/bin/../lib/gcc/arm-none-eabi/7.2.1/../../../../arm-none-eabi/lib/thumb/v7e-m\libg_nano.a(lib_a-nano-svfprintf.o)
 .debug_frame   0x000008ec       0x60 d:/iti/iti_arm/ecclipse_arm/imt_sdk_win_64/winarm/armgcc/bin/../lib/gcc/arm-none-eabi/7.2.1/../../../../arm-none-eabi/lib/thumb/v7e-m\libg_nano.a(lib_a-nano-vfprintf_i.o)
 .debug_frame   0x0000094c       0x28 d:/iti/iti_arm/ecclipse_arm/imt_sdk_win_64/winarm/armgcc/bin/../lib/gcc/arm-none-eabi/7.2.1/../../../../arm-none-eabi/lib/thumb/v7e-m\libg_nano.a(lib_a-memcpy-stub.o)
 .debug_frame   0x00000974       0x28 d:/iti/iti_arm/ecclipse_arm/imt_sdk_win_64/winarm/armgcc/bin/../lib/gcc/arm-none-eabi/7.2.1/../../../../arm-none-eabi/lib/thumb/v7e-m\libg_nano.a(lib_a-memmove.o)
 .debug_frame   0x0000099c       0x38 d:/iti/iti_arm/ecclipse_arm/imt_sdk_win_64/winarm/armgcc/bin/../lib/gcc/arm-none-eabi/7.2.1/../../../../arm-none-eabi/lib/thumb/v7e-m\libg_nano.a(lib_a-nano-freer.o)
 .debug_frame   0x000009d4       0x2c d:/iti/iti_arm/ecclipse_arm/imt_sdk_win_64/winarm/armgcc/bin/../lib/gcc/arm-none-eabi/7.2.1/../../../../arm-none-eabi/lib/thumb/v7e-m\libg_nano.a(lib_a-nano-mallocr.o)
 .debug_frame   0x00000a00       0x3c d:/iti/iti_arm/ecclipse_arm/imt_sdk_win_64/winarm/armgcc/bin/../lib/gcc/arm-none-eabi/7.2.1/../../../../arm-none-eabi/lib/thumb/v7e-m\libg_nano.a(lib_a-nano-reallocr.o)
 .debug_frame   0x00000a3c       0x2c d:/iti/iti_arm/ecclipse_arm/imt_sdk_win_64/winarm/armgcc/bin/../lib/gcc/arm-none-eabi/7.2.1/../../../../arm-none-eabi/lib/thumb/v7e-m\libg_nano.a(lib_a-sbrkr.o)
 .debug_frame   0x00000a68       0x30 d:/iti/iti_arm/ecclipse_arm/imt_sdk_win_64/winarm/armgcc/bin/../lib/gcc/arm-none-eabi/7.2.1/../../../../arm-none-eabi/lib/thumb/v7e-m\libg_nano.a(lib_a-mlock.o)
 .debug_frame   0x00000a98       0x20 d:/iti/iti_arm/ecclipse_arm/imt_sdk_win_64/winarm/armgcc/bin/../lib/gcc/arm-none-eabi/7.2.1/../../../../arm-none-eabi/lib/thumb/v7e-m\libg_nano.a(lib_a-nano-msizer.o)

.debug_str      0x00000000    0x73a62
 *(.debug_str)
 .debug_str     0x00000000     0x7d14 ./system/src/newlib/_exit.o
                               0x7ee7 (size before relaxing)
 .debug_str     0x00007d14      0x4f5 ./system/src/newlib/_sbrk.o
                               0x7299 (size before relaxing)
 .debug_str     0x00008209      0xc23 ./system/src/newlib/_startup.o
                               0x6a3a (size before relaxing)
 .debug_str     0x00008e2c      0xe8b ./system/src/newlib/_syscalls.o
                               0x8174 (size before relaxing)
 .debug_str     0x00009cb7      0x826 ./system/src/diag/Trace.o
                               0x865f (size before relaxing)
 .debug_str     0x0000a4dd    0x67a2e ./system/src/diag/trace_impl.o
                              0x70985 (size before relaxing)
 .debug_str     0x00071f0b       0xc4 ./system/src/cortexm/_initialize_hardware.o
                              0x6f717 (size before relaxing)
 .debug_str     0x00071fcf      0x1a6 ./system/src/cortexm/exception_handlers.o
                              0x70b0f (size before relaxing)
 .debug_str     0x00072175      0x164 ./system/src/cmsis/system_stm32f4xx.o
                              0x6f7f8 (size before relaxing)
 .debug_str     0x000722d9       0x59 ./system/src/cmsis/vectors_stm32f401xc.o
                               0x3877 (size before relaxing)
 .debug_str     0x00072332      0x37f ./src/MCAL/SYSTICK/SYSTICK_Program.o
                               0x3125 (size before relaxing)
 .debug_str     0x000726b1      0x611 ./src/MCAL/SPI/SPI_Program.o
                               0x3475 (size before relaxing)
 .debug_str     0x00072cc2      0x469 ./src/MCAL/RCC/RCC_Program.o
                               0x337e (size before relaxing)
 .debug_str     0x0007312b      0x13e ./src/MCAL/GPIO/GPIO_Program.o
                               0x3387 (size before relaxing)
 .debug_str     0x00073269      0x349 ./src/MCAL/EXTI/EXTI_Program.o
                               0x31b4 (size before relaxing)
 .debug_str     0x000735b2       0xec ./src/HAL/TFT/TFT_Program.o
                               0x338f (size before relaxing)
 .debug_str     0x0007369e      0x19a ./src/_initialize_hardware.o
                              0x6f8ef (size before relaxing)
 .debug_str     0x00073838      0x22a ./src/main.o
                               0x3768 (size before relaxing)

.debug_loc      0x00000000     0x1b2d
 *(.debug_loc)
 .debug_loc     0x00000000       0x85 ./system/src/newlib/_sbrk.o
 .debug_loc     0x00000085      0x2cb ./system/src/newlib/_startup.o
 .debug_loc     0x00000350       0x63 ./system/src/newlib/_syscalls.o
 .debug_loc     0x000003b3       0xf6 ./system/src/diag/Trace.o
 .debug_loc     0x000004a9      0x121 ./system/src/diag/trace_impl.o
 .debug_loc     0x000005ca      0x291 ./system/src/cortexm/exception_handlers.o
 .debug_loc     0x0000085b      0x13e ./system/src/cmsis/system_stm32f4xx.o
 .debug_loc     0x00000999       0x93 ./src/MCAL/SYSTICK/SYSTICK_Program.o
 .debug_loc     0x00000a2c       0x21 ./src/MCAL/SPI/SPI_Program.o
 .debug_loc     0x00000a4d      0x11a ./src/MCAL/RCC/RCC_Program.o
 .debug_loc     0x00000b67      0xe38 ./src/MCAL/GPIO/GPIO_Program.o
 .debug_loc     0x0000199f       0xb7 ./src/MCAL/EXTI/EXTI_Program.o
 .debug_loc     0x00001a56       0xd7 ./src/HAL/TFT/TFT_Program.o

.debug_macinfo
 *(.debug_macinfo)

.debug_weaknames
 *(.debug_weaknames)

.debug_funcnames
 *(.debug_funcnames)

.debug_typenames
 *(.debug_typenames)

.debug_varnames
 *(.debug_varnames)
OUTPUT(ARM_Drivers.elf elf32-littlearm)

.debug_ranges   0x00000000      0x390
 .debug_ranges  0x00000000       0x18 ./system/src/newlib/_exit.o
 .debug_ranges  0x00000018       0x10 ./system/src/newlib/_sbrk.o
 .debug_ranges  0x00000028       0x90 ./system/src/newlib/_startup.o
 .debug_ranges  0x000000b8       0x20 ./system/src/newlib/_syscalls.o
 .debug_ranges  0x000000d8       0x28 ./system/src/diag/Trace.o
 .debug_ranges  0x00000100       0x50 ./system/src/diag/trace_impl.o
 .debug_ranges  0x00000150       0x18 ./system/src/cortexm/_initialize_hardware.o
 .debug_ranges  0x00000168       0x80 ./system/src/cortexm/exception_handlers.o
 .debug_ranges  0x000001e8       0x18 ./system/src/cmsis/system_stm32f4xx.o
 .debug_ranges  0x00000200       0x10 ./system/src/cmsis/vectors_stm32f401xc.o
 .debug_ranges  0x00000210       0x50 ./src/MCAL/SYSTICK/SYSTICK_Program.o
 .debug_ranges  0x00000260       0x20 ./src/MCAL/SPI/SPI_Program.o
 .debug_ranges  0x00000280       0x28 ./src/MCAL/RCC/RCC_Program.o
 .debug_ranges  0x000002a8       0x40 ./src/MCAL/GPIO/GPIO_Program.o
 .debug_ranges  0x000002e8       0x58 ./src/MCAL/EXTI/EXTI_Program.o
 .debug_ranges  0x00000340       0x28 ./src/HAL/TFT/TFT_Program.o
 .debug_ranges  0x00000368       0x18 ./src/_initialize_hardware.o
 .debug_ranges  0x00000380       0x10 ./src/main.o

.debug_macro    0x00000000     0x3cdc
 .debug_macro   0x00000000      0x1b4 ./system/src/newlib/_exit.o
 .debug_macro   0x000001b4      0x10e ./system/src/newlib/_exit.o
 .debug_macro   0x000002c2       0x8d ./system/src/newlib/_exit.o
 .debug_macro   0x0000034f       0x35 ./system/src/newlib/_exit.o
 .debug_macro   0x00000384      0x169 ./system/src/newlib/_sbrk.o
 .debug_macro   0x000004ed      0x174 ./system/src/newlib/_sbrk.o
 .debug_macro   0x00000661       0x10 ./system/src/newlib/_sbrk.o
 .debug_macro   0x00000671      0x23b ./system/src/newlib/_sbrk.o
 .debug_macro   0x000008ac      0x173 ./system/src/newlib/_startup.o
 .debug_macro   0x00000a1f      0xa72 ./system/src/newlib/_startup.o
 .debug_macro   0x00001491      0x217 ./system/src/newlib/_syscalls.o
 .debug_macro   0x000016a8       0x1c ./system/src/newlib/_syscalls.o
 .debug_macro   0x000016c4       0x10 ./system/src/newlib/_syscalls.o
 .debug_macro   0x000016d4       0x10 ./system/src/newlib/_syscalls.o
 .debug_macro   0x000016e4       0x10 ./system/src/newlib/_syscalls.o
 .debug_macro   0x000016f4       0x35 ./system/src/newlib/_syscalls.o
 .debug_macro   0x00001729      0x122 ./system/src/newlib/_syscalls.o
 .debug_macro   0x0000184b       0x88 ./system/src/newlib/_syscalls.o
 .debug_macro   0x000018d3       0x2b ./system/src/newlib/_syscalls.o
 .debug_macro   0x000018fe      0x118 ./system/src/newlib/_syscalls.o
 .debug_macro   0x00001a16      0x189 ./system/src/newlib/_syscalls.o
 .debug_macro   0x00001b9f       0x16 ./system/src/newlib/_syscalls.o
 .debug_macro   0x00001bb5      0x1fb ./system/src/diag/Trace.o
 .debug_macro   0x00001db0       0x4c ./system/src/diag/Trace.o
 .debug_macro   0x00001dfc       0x16 ./system/src/diag/Trace.o
 .debug_macro   0x00001e12      0x52a ./system/src/diag/trace_impl.o
 .debug_macro   0x0000233c       0x22 ./system/src/diag/trace_impl.o
 .debug_macro   0x0000235e      0x4ee ./system/src/cortexm/_initialize_hardware.o
 .debug_macro   0x0000284c      0x557 ./system/src/cortexm/exception_handlers.o
 .debug_macro   0x00002da3       0x3b ./system/src/cortexm/exception_handlers.o
 .debug_macro   0x00002dde      0x4ea ./system/src/cmsis/system_stm32f4xx.o
 .debug_macro   0x000032c8       0x34 ./system/src/cmsis/vectors_stm32f401xc.o
 .debug_macro   0x000032fc       0x3e ./src/MCAL/SYSTICK/SYSTICK_Program.o
 .debug_macro   0x0000333a       0x1c ./src/MCAL/SYSTICK/SYSTICK_Program.o
 .debug_macro   0x00003356       0x16 ./src/MCAL/SYSTICK/SYSTICK_Program.o
 .debug_macro   0x0000336c       0x52 ./src/MCAL/SPI/SPI_Program.o
 .debug_macro   0x000033be       0x52 ./src/MCAL/SPI/SPI_Program.o
 .debug_macro   0x00003410       0x3e ./src/MCAL/RCC/RCC_Program.o
 .debug_macro   0x0000344e       0xd0 ./src/MCAL/RCC/RCC_Program.o
 .debug_macro   0x0000351e       0x46 ./src/MCAL/RCC/RCC_Program.o
 .debug_macro   0x00003564       0x40 ./src/MCAL/RCC/RCC_Program.o
 .debug_macro   0x000035a4       0x3f ./src/MCAL/GPIO/GPIO_Program.o
 .debug_macro   0x000035e3       0x3f ./src/MCAL/EXTI/EXTI_Program.o
 .debug_macro   0x00003622       0x8e ./src/MCAL/EXTI/EXTI_Program.o
 .debug_macro   0x000036b0       0x22 ./src/MCAL/EXTI/EXTI_Program.o
 .debug_macro   0x000036d2       0x65 ./src/HAL/TFT/TFT_Program.o
 .debug_macro   0x00003737       0x16 ./src/HAL/TFT/TFT_Program.o
 .debug_macro   0x0000374d      0x4e4 ./src/_initialize_hardware.o
 .debug_macro   0x00003c31       0xab ./src/main.o
